Archive member included to satisfy reference by file (symbol)

c:/st/stm32cubeide_1.7.0/stm32cubeide/plugins/com.st.stm32cube.ide.mcu.externaltools.gnu-tools-for-stm32.9-2020-q2-update.win32_2.0.0.202105311346/tools/bin/../lib/gcc/arm-none-eabi/9.3.1/../../../../arm-none-eabi/lib/thumb/v7e-m+fp/hard\libc_nano.a(lib_a-errno.o)
                              ./Core/Src/syscalls.o (__errno)
c:/st/stm32cubeide_1.7.0/stm32cubeide/plugins/com.st.stm32cube.ide.mcu.externaltools.gnu-tools-for-stm32.9-2020-q2-update.win32_2.0.0.202105311346/tools/bin/../lib/gcc/arm-none-eabi/9.3.1/../../../../arm-none-eabi/lib/thumb/v7e-m+fp/hard\libc_nano.a(lib_a-exit.o)
                              c:/st/stm32cubeide_1.7.0/stm32cubeide/plugins/com.st.stm32cube.ide.mcu.externaltools.gnu-tools-for-stm32.9-2020-q2-update.win32_2.0.0.202105311346/tools/bin/../lib/gcc/arm-none-eabi/9.3.1/../../../../arm-none-eabi/lib/thumb/v7e-m+fp/hard/crt0.o (exit)
c:/st/stm32cubeide_1.7.0/stm32cubeide/plugins/com.st.stm32cube.ide.mcu.externaltools.gnu-tools-for-stm32.9-2020-q2-update.win32_2.0.0.202105311346/tools/bin/../lib/gcc/arm-none-eabi/9.3.1/../../../../arm-none-eabi/lib/thumb/v7e-m+fp/hard\libc_nano.a(lib_a-impure.o)
                              c:/st/stm32cubeide_1.7.0/stm32cubeide/plugins/com.st.stm32cube.ide.mcu.externaltools.gnu-tools-for-stm32.9-2020-q2-update.win32_2.0.0.202105311346/tools/bin/../lib/gcc/arm-none-eabi/9.3.1/../../../../arm-none-eabi/lib/thumb/v7e-m+fp/hard\libc_nano.a(lib_a-exit.o) (_global_impure_ptr)
c:/st/stm32cubeide_1.7.0/stm32cubeide/plugins/com.st.stm32cube.ide.mcu.externaltools.gnu-tools-for-stm32.9-2020-q2-update.win32_2.0.0.202105311346/tools/bin/../lib/gcc/arm-none-eabi/9.3.1/../../../../arm-none-eabi/lib/thumb/v7e-m+fp/hard\libc_nano.a(lib_a-init.o)
                              c:/st/stm32cubeide_1.7.0/stm32cubeide/plugins/com.st.stm32cube.ide.mcu.externaltools.gnu-tools-for-stm32.9-2020-q2-update.win32_2.0.0.202105311346/tools/bin/../lib/gcc/arm-none-eabi/9.3.1/../../../../arm-none-eabi/lib/thumb/v7e-m+fp/hard/crt0.o (__libc_init_array)
c:/st/stm32cubeide_1.7.0/stm32cubeide/plugins/com.st.stm32cube.ide.mcu.externaltools.gnu-tools-for-stm32.9-2020-q2-update.win32_2.0.0.202105311346/tools/bin/../lib/gcc/arm-none-eabi/9.3.1/../../../../arm-none-eabi/lib/thumb/v7e-m+fp/hard\libc_nano.a(lib_a-memset.o)
                              c:/st/stm32cubeide_1.7.0/stm32cubeide/plugins/com.st.stm32cube.ide.mcu.externaltools.gnu-tools-for-stm32.9-2020-q2-update.win32_2.0.0.202105311346/tools/bin/../lib/gcc/arm-none-eabi/9.3.1/../../../../arm-none-eabi/lib/thumb/v7e-m+fp/hard/crt0.o (memset)
c:/st/stm32cubeide_1.7.0/stm32cubeide/plugins/com.st.stm32cube.ide.mcu.externaltools.gnu-tools-for-stm32.9-2020-q2-update.win32_2.0.0.202105311346/tools/bin/../lib/gcc/arm-none-eabi/9.3.1/thumb/v7e-m+fp/hard\libgcc.a(_aeabi_uldivmod.o)
                              ./Drivers/STM32F4xx_HAL_Driver/Src/stm32f4xx_hal_rcc.o (__aeabi_uldivmod)
c:/st/stm32cubeide_1.7.0/stm32cubeide/plugins/com.st.stm32cube.ide.mcu.externaltools.gnu-tools-for-stm32.9-2020-q2-update.win32_2.0.0.202105311346/tools/bin/../lib/gcc/arm-none-eabi/9.3.1/thumb/v7e-m+fp/hard\libgcc.a(_udivmoddi4.o)
                              c:/st/stm32cubeide_1.7.0/stm32cubeide/plugins/com.st.stm32cube.ide.mcu.externaltools.gnu-tools-for-stm32.9-2020-q2-update.win32_2.0.0.202105311346/tools/bin/../lib/gcc/arm-none-eabi/9.3.1/thumb/v7e-m+fp/hard\libgcc.a(_aeabi_uldivmod.o) (__udivmoddi4)
c:/st/stm32cubeide_1.7.0/stm32cubeide/plugins/com.st.stm32cube.ide.mcu.externaltools.gnu-tools-for-stm32.9-2020-q2-update.win32_2.0.0.202105311346/tools/bin/../lib/gcc/arm-none-eabi/9.3.1/thumb/v7e-m+fp/hard\libgcc.a(_dvmd_tls.o)
                              c:/st/stm32cubeide_1.7.0/stm32cubeide/plugins/com.st.stm32cube.ide.mcu.externaltools.gnu-tools-for-stm32.9-2020-q2-update.win32_2.0.0.202105311346/tools/bin/../lib/gcc/arm-none-eabi/9.3.1/thumb/v7e-m+fp/hard\libgcc.a(_aeabi_uldivmod.o) (__aeabi_ldiv0)

Allocating common symbols
Common symbol       size              file

DMA_HISR            0x4               ./Core/Src/dma.o
DMA_SxCR            0x4               ./Core/Src/dma.o
DMA_SxNDTR          0x4               ./Core/Src/dma.o
SxM0AR_offset       0x4               ./Core/Src/dma.o
SxCR_offset         0x4               ./Core/Src/dma.o
DMA_SxPAR           0x4               ./Core/Src/dma.o
uwTick              0x4               ./Drivers/STM32F4xx_HAL_Driver/Src/stm32f4xx_hal.o
DMA_LIFCR           0x4               ./Core/Src/dma.o
pFlash              0x20              ./Drivers/STM32F4xx_HAL_Driver/Src/stm32f4xx_hal_flash.o
SxFCR_offset        0x4               ./Core/Src/dma.o
stream_number       0x4               ./Core/Src/dma.o
DMA_clk             0x4               ./Core/Src/dma.o
SxNDTR_offset       0x4               ./Core/Src/dma.o
SxPAR_offset        0x4               ./Core/Src/dma.o
DMA_base            0x4               ./Core/Src/dma.o
[...]
Memory Configuration

Name             Origin             Length             Attributes
RAM              0x0000000020000000 0x0000000000010000 xrw
FLASH            0x0000000008000000 0x0000000000040000 xr
*default*        0x0000000000000000 0xffffffffffffffff

Linker script and memory map

LOAD c:/st/stm32cubeide_1.7.0/stm32cubeide/plugins/com.st.stm32cube.ide.mcu.externaltools.gnu-tools-for-stm32.9-2020-q2-update.win32_2.0.0.202105311346/tools/bin/../lib/gcc/arm-none-eabi/9.3.1/thumb/v7e-m+fp/hard/crti.o
LOAD c:/st/stm32cubeide_1.7.0/stm32cubeide/plugins/com.st.stm32cube.ide.mcu.externaltools.gnu-tools-for-stm32.9-2020-q2-update.win32_2.0.0.202105311346/tools/bin/../lib/gcc/arm-none-eabi/9.3.1/thumb/v7e-m+fp/hard/crtbegin.o
LOAD c:/st/stm32cubeide_1.7.0/stm32cubeide/plugins/com.st.stm32cube.ide.mcu.externaltools.gnu-tools-for-stm32.9-2020-q2-update.win32_2.0.0.202105311346/tools/bin/../lib/gcc/arm-none-eabi/9.3.1/../../../../arm-none-eabi/lib/thumb/v7e-m+fp/hard/crt0.o
LOAD ./Core/Src/GPIO.o
LOAD ./Core/Src/dma.o
LOAD ./Core/Src/main.o
LOAD ./Core/Src/stm32f4xx_hal_msp.o
LOAD ./Core/Src/stm32f4xx_it.o
LOAD ./Core/Src/syscalls.o
LOAD ./Core/Src/sysmem.o
LOAD ./Core/Src/system_stm32f4xx.o
LOAD ./Core/Startup/startup_stm32f401ccux.o
LOAD ./Drivers/STM32F4xx_HAL_Driver/Src/stm32f4xx_hal.o
LOAD ./Drivers/STM32F4xx_HAL_Driver/Src/stm32f4xx_hal_cortex.o
LOAD ./Drivers/STM32F4xx_HAL_Driver/Src/stm32f4xx_hal_dma.o
LOAD ./Drivers/STM32F4xx_HAL_Driver/Src/stm32f4xx_hal_dma_ex.o
LOAD ./Drivers/STM32F4xx_HAL_Driver/Src/stm32f4xx_hal_exti.o
LOAD ./Drivers/STM32F4xx_HAL_Driver/Src/stm32f4xx_hal_flash.o
LOAD ./Drivers/STM32F4xx_HAL_Driver/Src/stm32f4xx_hal_flash_ex.o
LOAD ./Drivers/STM32F4xx_HAL_Driver/Src/stm32f4xx_hal_flash_ramfunc.o
LOAD ./Drivers/STM32F4xx_HAL_Driver/Src/stm32f4xx_hal_gpio.o
LOAD ./Drivers/STM32F4xx_HAL_Driver/Src/stm32f4xx_hal_pwr.o
LOAD ./Drivers/STM32F4xx_HAL_Driver/Src/stm32f4xx_hal_pwr_ex.o
LOAD ./Drivers/STM32F4xx_HAL_Driver/Src/stm32f4xx_hal_rcc.o
LOAD ./Drivers/STM32F4xx_HAL_Driver/Src/stm32f4xx_hal_rcc_ex.o
LOAD ./Drivers/STM32F4xx_HAL_Driver/Src/stm32f4xx_hal_tim.o
LOAD ./Drivers/STM32F4xx_HAL_Driver/Src/stm32f4xx_hal_tim_ex.o
START GROUP
LOAD c:/st/stm32cubeide_1.7.0/stm32cubeide/plugins/com.st.stm32cube.ide.mcu.externaltools.gnu-tools-for-stm32.9-2020-q2-update.win32_2.0.0.202105311346/tools/bin/../lib/gcc/arm-none-eabi/9.3.1/../../../../arm-none-eabi/lib/thumb/v7e-m+fp/hard\libc_nano.a
LOAD c:/st/stm32cubeide_1.7.0/stm32cubeide/plugins/com.st.stm32cube.ide.mcu.externaltools.gnu-tools-for-stm32.9-2020-q2-update.win32_2.0.0.202105311346/tools/bin/../lib/gcc/arm-none-eabi/9.3.1/../../../../arm-none-eabi/lib/thumb/v7e-m+fp/hard\libm.a
END GROUP
START GROUP
LOAD c:/st/stm32cubeide_1.7.0/stm32cubeide/plugins/com.st.stm32cube.ide.mcu.externaltools.gnu-tools-for-stm32.9-2020-q2-update.win32_2.0.0.202105311346/tools/bin/../lib/gcc/arm-none-eabi/9.3.1/thumb/v7e-m+fp/hard\libgcc.a
LOAD c:/st/stm32cubeide_1.7.0/stm32cubeide/plugins/com.st.stm32cube.ide.mcu.externaltools.gnu-tools-for-stm32.9-2020-q2-update.win32_2.0.0.202105311346/tools/bin/../lib/gcc/arm-none-eabi/9.3.1/../../../../arm-none-eabi/lib/thumb/v7e-m+fp/hard\libc_nano.a
END GROUP
START GROUP
LOAD c:/st/stm32cubeide_1.7.0/stm32cubeide/plugins/com.st.stm32cube.ide.mcu.externaltools.gnu-tools-for-stm32.9-2020-q2-update.win32_2.0.0.202105311346/tools/bin/../lib/gcc/arm-none-eabi/9.3.1/thumb/v7e-m+fp/hard\libgcc.a
LOAD c:/st/stm32cubeide_1.7.0/stm32cubeide/plugins/com.st.stm32cube.ide.mcu.externaltools.gnu-tools-for-stm32.9-2020-q2-update.win32_2.0.0.202105311346/tools/bin/../lib/gcc/arm-none-eabi/9.3.1/../../../../arm-none-eabi/lib/thumb/v7e-m+fp/hard\libc_nano.a
LOAD c:/st/stm32cubeide_1.7.0/stm32cubeide/plugins/com.st.stm32cube.ide.mcu.externaltools.gnu-tools-for-stm32.9-2020-q2-update.win32_2.0.0.202105311346/tools/bin/../lib/gcc/arm-none-eabi/9.3.1/../../../../arm-none-eabi/lib/thumb/v7e-m+fp/hard\libnosys.a
END GROUP
START GROUP
LOAD c:/st/stm32cubeide_1.7.0/stm32cubeide/plugins/com.st.stm32cube.ide.mcu.externaltools.gnu-tools-for-stm32.9-2020-q2-update.win32_2.0.0.202105311346/tools/bin/../lib/gcc/arm-none-eabi/9.3.1/thumb/v7e-m+fp/hard\libgcc.a
LOAD c:/st/stm32cubeide_1.7.0/stm32cubeide/plugins/com.st.stm32cube.ide.mcu.externaltools.gnu-tools-for-stm32.9-2020-q2-update.win32_2.0.0.202105311346/tools/bin/../lib/gcc/arm-none-eabi/9.3.1/../../../../arm-none-eabi/lib/thumb/v7e-m+fp/hard\libc_nano.a
LOAD c:/st/stm32cubeide_1.7.0/stm32cubeide/plugins/com.st.stm32cube.ide.mcu.externaltools.gnu-tools-for-stm32.9-2020-q2-update.win32_2.0.0.202105311346/tools/bin/../lib/gcc/arm-none-eabi/9.3.1/../../../../arm-none-eabi/lib/thumb/v7e-m+fp/hard\libnosys.a
END GROUP
LOAD c:/st/stm32cubeide_1.7.0/stm32cubeide/plugins/com.st.stm32cube.ide.mcu.externaltools.gnu-tools-for-stm32.9-2020-q2-update.win32_2.0.0.202105311346/tools/bin/../lib/gcc/arm-none-eabi/9.3.1/thumb/v7e-m+fp/hard/crtend.o
LOAD c:/st/stm32cubeide_1.7.0/stm32cubeide/plugins/com.st.stm32cube.ide.mcu.externaltools.gnu-tools-for-stm32.9-2020-q2-update.win32_2.0.0.202105311346/tools/bin/../lib/gcc/arm-none-eabi/9.3.1/thumb/v7e-m+fp/hard/crtn.o
                0x0000000020010000                _estack = (ORIGIN (RAM) + LENGTH (RAM))
                0x0000000000000200                _Min_Heap_Size = 0x200
                0x0000000000000400                _Min_Stack_Size = 0x400

.isr_vector     0x0000000008000000      0x194
                0x0000000008000000                . = ALIGN (0x4)
 *(.isr_vector)
 .isr_vector    0x0000000008000000      0x194 ./Core/Startup/startup_stm32f401ccux.o
                0x0000000008000000                g_pfnVectors
                0x0000000008000194                . = ALIGN (0x4)

.text           0x0000000008000194      0xcc8
                0x0000000008000194                . = ALIGN (0x4)
 *(.text)
 .text          0x0000000008000194       0x40 c:/st/stm32cubeide_1.7.0/stm32cubeide/plugins/com.st.stm32cube.ide.mcu.externaltools.gnu-tools-for-stm32.9-2020-q2-update.win32_2.0.0.202105311346/tools/bin/../lib/gcc/arm-none-eabi/9.3.1/thumb/v7e-m+fp/hard/crtbegin.o
 *(.text*)
 .text.GPIO_Init
                0x00000000080001d4      0x198 ./Core/Src/GPIO.o
                0x00000000080001d4                GPIO_Init
 .text.GPIO_WritePin
                0x000000000800036c       0xcc ./Core/Src/GPIO.o
                0x000000000800036c                GPIO_WritePin
 .text.DMA_init
                0x0000000008000438       0x7c ./Core/Src/dma.o
                0x0000000008000438                DMA_init
 .text.stream_init
                0x00000000080004b4      0x418 ./Core/Src/dma.o
                0x00000000080004b4                stream_init
 .text.transfer_state
                0x00000000080008cc      0x180 ./Core/Src/dma.o
                0x00000000080008cc                transfer_state
 .text.DMA_stream_enable
                0x0000000008000a4c       0xc8 ./Core/Src/dma.o
                0x0000000008000a4c                DMA_stream_enable
 .text.DMA2_Stream0_IRQHandler
                0x0000000008000b14       0x2c ./Core/Src/dma.o
                0x0000000008000b14                DMA2_Stream0_IRQHandler
 .text.clear_flag
                0x0000000008000b40       0x40 ./Core/Src/dma.o
                0x0000000008000b40                clear_flag
 .text.main     0x0000000008000b80       0xf8 ./Core/Src/main.o
                0x0000000008000b80                main
 .text.callout  0x0000000008000c78       0x90 ./Core/Src/main.o
                0x0000000008000c78                callout
 .text.NMI_Handler
                0x0000000008000d08        0x6 ./Core/Src/stm32f4xx_it.o
                0x0000000008000d08                NMI_Handler
 .text.HardFault_Handler
                0x0000000008000d0e        0x6 ./Core/Src/stm32f4xx_it.o
                0x0000000008000d0e                HardFault_Handler
 .text.MemManage_Handler
                0x0000000008000d14        0x6 ./Core/Src/stm32f4xx_it.o
                0x0000000008000d14                MemManage_Handler
 .text.BusFault_Handler
                0x0000000008000d1a        0x6 ./Core/Src/stm32f4xx_it.o
                0x0000000008000d1a                BusFault_Handler
 .text.UsageFault_Handler
                0x0000000008000d20        0x6 ./Core/Src/stm32f4xx_it.o
                0x0000000008000d20                UsageFault_Handler
 .text.SVC_Handler
                0x0000000008000d26        0xe ./Core/Src/stm32f4xx_it.o
                0x0000000008000d26                SVC_Handler
 .text.DebugMon_Handler
                0x0000000008000d34        0xe ./Core/Src/stm32f4xx_it.o
                0x0000000008000d34                DebugMon_Handler
 .text.PendSV_Handler
                0x0000000008000d42        0xe ./Core/Src/stm32f4xx_it.o
                0x0000000008000d42                PendSV_Handler
 .text.SysTick_Handler
                0x0000000008000d50        0xc ./Core/Src/stm32f4xx_it.o
                0x0000000008000d50                SysTick_Handler
 .text.SystemInit
                0x0000000008000d5c       0x24 ./Core/Src/system_stm32f4xx.o
                0x0000000008000d5c                SystemInit
 .text.Reset_Handler
                0x0000000008000d80       0x50 ./Core/Startup/startup_stm32f401ccux.o
                0x0000000008000d80                Reset_Handler
 .text.Default_Handler
                0x0000000008000dd0        0x2 ./Core/Startup/startup_stm32f401ccux.o
                0x0000000008000dd0                RTC_Alarm_IRQHandler
                0x0000000008000dd0                EXTI2_IRQHandler
                0x0000000008000dd0                SPI4_IRQHandler
                0x0000000008000dd0                TIM1_CC_IRQHandler
                0x0000000008000dd0                DMA2_Stream5_IRQHandler
                0x0000000008000dd0                DMA1_Stream5_IRQHandler
                0x0000000008000dd0                PVD_IRQHandler
                0x0000000008000dd0                SDIO_IRQHandler
                0x0000000008000dd0                TAMP_STAMP_IRQHandler
                0x0000000008000dd0                EXTI3_IRQHandler
                0x0000000008000dd0                TIM1_UP_TIM10_IRQHandler
                0x0000000008000dd0                I2C3_ER_IRQHandler
                0x0000000008000dd0                EXTI0_IRQHandler
                0x0000000008000dd0                I2C2_EV_IRQHandler
                0x0000000008000dd0                DMA1_Stream2_IRQHandler
                0x0000000008000dd0                FPU_IRQHandler
                0x0000000008000dd0                DMA2_Stream2_IRQHandler
                0x0000000008000dd0                SPI1_IRQHandler
                0x0000000008000dd0                TIM1_BRK_TIM9_IRQHandler
                0x0000000008000dd0                DMA2_Stream3_IRQHandler
                0x0000000008000dd0                USART6_IRQHandler
                0x0000000008000dd0                TIM4_IRQHandler
                0x0000000008000dd0                I2C1_EV_IRQHandler
                0x0000000008000dd0                DMA1_Stream6_IRQHandler
                0x0000000008000dd0                DMA1_Stream1_IRQHandler
                0x0000000008000dd0                TIM3_IRQHandler
                0x0000000008000dd0                RCC_IRQHandler
                0x0000000008000dd0                Default_Handler
                0x0000000008000dd0                EXTI15_10_IRQHandler
                0x0000000008000dd0                ADC_IRQHandler
                0x0000000008000dd0                DMA1_Stream7_IRQHandler
                0x0000000008000dd0                TIM5_IRQHandler
                0x0000000008000dd0                DMA2_Stream7_IRQHandler
                0x0000000008000dd0                I2C3_EV_IRQHandler
                0x0000000008000dd0                EXTI9_5_IRQHandler
                0x0000000008000dd0                RTC_WKUP_IRQHandler
                0x0000000008000dd0                SPI2_IRQHandler
                0x0000000008000dd0                DMA1_Stream0_IRQHandler
                0x0000000008000dd0                EXTI4_IRQHandler
                0x0000000008000dd0                WWDG_IRQHandler
                0x0000000008000dd0                TIM2_IRQHandler
                0x0000000008000dd0                OTG_FS_WKUP_IRQHandler
                0x0000000008000dd0                TIM1_TRG_COM_TIM11_IRQHandler
                0x0000000008000dd0                EXTI1_IRQHandler
                0x0000000008000dd0                USART2_IRQHandler
                0x0000000008000dd0                I2C2_ER_IRQHandler
                0x0000000008000dd0                DMA2_Stream1_IRQHandler
                0x0000000008000dd0                FLASH_IRQHandler
                0x0000000008000dd0                DMA2_Stream4_IRQHandler
                0x0000000008000dd0                USART1_IRQHandler
                0x0000000008000dd0                OTG_FS_IRQHandler
                0x0000000008000dd0                SPI3_IRQHandler
                0x0000000008000dd0                DMA1_Stream4_IRQHandler
                0x0000000008000dd0                I2C1_ER_IRQHandler
                0x0000000008000dd0                DMA2_Stream6_IRQHandler
                0x0000000008000dd0                DMA1_Stream3_IRQHandler
 *fill*         0x0000000008000dd2        0x2 
 .text.HAL_IncTick
                0x0000000008000dd4       0x28 ./Drivers/STM32F4xx_HAL_Driver/Src/stm32f4xx_hal.o
                0x0000000008000dd4                HAL_IncTick
 .text.__libc_init_array
                0x0000000008000dfc       0x48 c:/st/stm32cubeide_1.7.0/stm32cubeide/plugins/com.st.stm32cube.ide.mcu.externaltools.gnu-tools-for-stm32.9-2020-q2-update.win32_2.0.0.202105311346/tools/bin/../lib/gcc/arm-none-eabi/9.3.1/../../../../arm-none-eabi/lib/thumb/v7e-m+fp/hard\libc_nano.a(lib_a-init.o)
                0x0000000008000dfc                __libc_init_array
 *(.glue_7)
 .glue_7        0x0000000008000e44        0x0 linker stubs
 *(.glue_7t)
 .glue_7t       0x0000000008000e44        0x0 linker stubs
 *(.eh_frame)
 .eh_frame      0x0000000008000e44        0x0 c:/st/stm32cubeide_1.7.0/stm32cubeide/plugins/com.st.stm32cube.ide.mcu.externaltools.gnu-tools-for-stm32.9-2020-q2-update.win32_2.0.0.202105311346/tools/bin/../lib/gcc/arm-none-eabi/9.3.1/thumb/v7e-m+fp/hard/crtbegin.o
 *(.init)
 .init          0x0000000008000e44        0x4 c:/st/stm32cubeide_1.7.0/stm32cubeide/plugins/com.st.stm32cube.ide.mcu.externaltools.gnu-tools-for-stm32.9-2020-q2-update.win32_2.0.0.202105311346/tools/bin/../lib/gcc/arm-none-eabi/9.3.1/thumb/v7e-m+fp/hard/crti.o
                0x0000000008000e44                _init
 .init          0x0000000008000e48        0x8 c:/st/stm32cubeide_1.7.0/stm32cubeide/plugins/com.st.stm32cube.ide.mcu.externaltools.gnu-tools-for-stm32.9-2020-q2-update.win32_2.0.0.202105311346/tools/bin/../lib/gcc/arm-none-eabi/9.3.1/thumb/v7e-m+fp/hard/crtn.o
 *(.fini)
 .fini          0x0000000008000e50        0x4 c:/st/stm32cubeide_1.7.0/stm32cubeide/plugins/com.st.stm32cube.ide.mcu.externaltools.gnu-tools-for-stm32.9-2020-q2-update.win32_2.0.0.202105311346/tools/bin/../lib/gcc/arm-none-eabi/9.3.1/thumb/v7e-m+fp/hard/crti.o
                0x0000000008000e50                _fini
 .fini          0x0000000008000e54        0x8 c:/st/stm32cubeide_1.7.0/stm32cubeide/plugins/com.st.stm32cube.ide.mcu.externaltools.gnu-tools-for-stm32.9-2020-q2-update.win32_2.0.0.202105311346/tools/bin/../lib/gcc/arm-none-eabi/9.3.1/thumb/v7e-m+fp/hard/crtn.o
                0x0000000008000e5c                . = ALIGN (0x4)
                0x0000000008000e5c                _etext = .

.vfp11_veneer   0x0000000008000e5c        0x0
 .vfp11_veneer  0x0000000008000e5c        0x0 linker stubs

.v4_bx          0x0000000008000e5c        0x0
 .v4_bx         0x0000000008000e5c        0x0 linker stubs

.iplt           0x0000000008000e5c        0x0
 .iplt          0x0000000008000e5c        0x0 c:/st/stm32cubeide_1.7.0/stm32cubeide/plugins/com.st.stm32cube.ide.mcu.externaltools.gnu-tools-for-stm32.9-2020-q2-update.win32_2.0.0.202105311346/tools/bin/../lib/gcc/arm-none-eabi/9.3.1/thumb/v7e-m+fp/hard/crtbegin.o

.rel.dyn        0x0000000008000e5c        0x0
 .rel.iplt      0x0000000008000e5c        0x0 c:/st/stm32cubeide_1.7.0/stm32cubeide/plugins/com.st.stm32cube.ide.mcu.externaltools.gnu-tools-for-stm32.9-2020-q2-update.win32_2.0.0.202105311346/tools/bin/../lib/gcc/arm-none-eabi/9.3.1/thumb/v7e-m+fp/hard/crtbegin.o

.rodata         0x0000000008000e5c        0x0
                0x0000000008000e5c                . = ALIGN (0x4)
 *(.rodata)
 *(.rodata*)
                0x0000000008000e5c                . = ALIGN (0x4)

.ARM.extab      0x0000000008000e5c        0x0
                0x0000000008000e5c                . = ALIGN (0x4)
 *(.ARM.extab* .gnu.linkonce.armextab.*)
                0x0000000008000e5c                . = ALIGN (0x4)

.ARM            0x0000000008000e5c        0x0
                0x0000000008000e5c                . = ALIGN (0x4)
                0x0000000008000e5c                __exidx_start = .
 *(.ARM.exidx*)
                0x0000000008000e5c                __exidx_end = .
                0x0000000008000e5c                . = ALIGN (0x4)

.preinit_array  0x0000000008000e5c        0x0
                0x0000000008000e5c                . = ALIGN (0x4)
                0x0000000008000e5c                PROVIDE (__preinit_array_start = .)
 *(.preinit_array*)
                0x0000000008000e5c                PROVIDE (__preinit_array_end = .)
                0x0000000008000e5c                . = ALIGN (0x4)

.init_array     0x0000000008000e5c        0x4
                0x0000000008000e5c                . = ALIGN (0x4)
                0x0000000008000e5c                PROVIDE (__init_array_start = .)
 *(SORT_BY_NAME(.init_array.*))
 *(.init_array*)
 .init_array    0x0000000008000e5c        0x4 c:/st/stm32cubeide_1.7.0/stm32cubeide/plugins/com.st.stm32cube.ide.mcu.externaltools.gnu-tools-for-stm32.9-2020-q2-update.win32_2.0.0.202105311346/tools/bin/../lib/gcc/arm-none-eabi/9.3.1/thumb/v7e-m+fp/hard/crtbegin.o
                0x0000000008000e60                PROVIDE (__init_array_end = .)
                0x0000000008000e60                . = ALIGN (0x4)

.fini_array     0x0000000008000e60        0x4
                0x0000000008000e60                . = ALIGN (0x4)
                [!provide]                        PROVIDE (__fini_array_start = .)
 *(SORT_BY_NAME(.fini_array.*))
 *(.fini_array*)
 .fini_array    0x0000000008000e60        0x4 c:/st/stm32cubeide_1.7.0/stm32cubeide/plugins/com.st.stm32cube.ide.mcu.externaltools.gnu-tools-for-stm32.9-2020-q2-update.win32_2.0.0.202105311346/tools/bin/../lib/gcc/arm-none-eabi/9.3.1/thumb/v7e-m+fp/hard/crtbegin.o
                [!provide]                        PROVIDE (__fini_array_end = .)
                0x0000000008000e64                . = ALIGN (0x4)
                0x0000000008000e64                _sidata = LOADADDR (.data)

.data           0x0000000020000000       0x54 load address 0x0000000008000e64
                0x0000000020000000                . = ALIGN (0x4)
                0x0000000020000000                _sdata = .
 *(.data)
 *(.data*)
 .data.lookup   0x0000000020000000       0x50 ./Core/Src/GPIO.o
                0x0000000020000000                lookup
 .data.uwTickFreq
                0x0000000020000050        0x1 ./Drivers/STM32F4xx_HAL_Driver/Src/stm32f4xx_hal.o
                0x0000000020000050                uwTickFreq
 *(.RamFunc)
 *(.RamFunc*)
                0x0000000020000054                . = ALIGN (0x4)
 *fill*         0x0000000020000051        0x3 
                0x0000000020000054                _edata = .

.igot.plt       0x0000000020000054        0x0 load address 0x0000000008000eb8
 .igot.plt      0x0000000020000054        0x0 c:/st/stm32cubeide_1.7.0/stm32cubeide/plugins/com.st.stm32cube.ide.mcu.externaltools.gnu-tools-for-stm32.9-2020-q2-update.win32_2.0.0.202105311346/tools/bin/../lib/gcc/arm-none-eabi/9.3.1/thumb/v7e-m+fp/hard/crtbegin.o
                0x0000000020000054                . = ALIGN (0x4)

.bss            0x0000000020000054      0x38c load address 0x0000000008000eb8
                0x0000000020000054                _sbss = .
                0x0000000020000054                __bss_start__ = _sbss
 *(.bss)
 .bss           0x0000000020000054       0x1c c:/st/stm32cubeide_1.7.0/stm32cubeide/plugins/com.st.stm32cube.ide.mcu.externaltools.gnu-tools-for-stm32.9-2020-q2-update.win32_2.0.0.202105311346/tools/bin/../lib/gcc/arm-none-eabi/9.3.1/thumb/v7e-m+fp/hard/crtbegin.o
 *(.bss*)
 .bss.DMA_HIFCR
                0x0000000020000070        0x4 ./Core/Src/dma.o
                0x0000000020000070                DMA_HIFCR
 .bss.DMA_LISR  0x0000000020000074        0x4 ./Core/Src/dma.o
                0x0000000020000074                DMA_LISR
 .bss.src_buffer
                0x0000000020000078      0x190 ./Core/Src/main.o
 .bss.dst_buffer
                0x0000000020000208      0x190 ./Core/Src/main.o
 .bss.FT_state  0x0000000020000398        0x4 ./Core/Src/main.o
                0x0000000020000398                FT_state
 *(COMMON)
 COMMON         0x000000002000039c       0x40 ./Core/Src/dma.o
                0x000000002000039c                DMA_HISR
                0x00000000200003a0                DMA_SxCR
                0x00000000200003a4                DMA_SxNDTR
                0x00000000200003a8                SxM0AR_offset
                0x00000000200003ac                SxCR_offset
                0x00000000200003b0                DMA_SxPAR
                0x00000000200003b4                DMA_LIFCR
                0x00000000200003b8                SxFCR_offset
                0x00000000200003bc                stream_number
                0x00000000200003c0                DMA_clk
                0x00000000200003c4                SxNDTR_offset
                0x00000000200003c8                SxPAR_offset
                0x00000000200003cc                DMA_base
                0x00000000200003d0                indication
                0x00000000200003d4                DMA_SxM0AR
                0x00000000200003d8                DMA_SxFCR
 COMMON         0x00000000200003dc        0x4 ./Drivers/STM32F4xx_HAL_Driver/Src/stm32f4xx_hal.o
                0x00000000200003dc                uwTick
                0x00000000200003e0                . = ALIGN (0x4)
                0x00000000200003e0                _ebss = .
                0x00000000200003e0                __bss_end__ = _ebss

._user_heap_stack
                0x00000000200003e0      0x600 load address 0x0000000008000eb8
                0x00000000200003e0                . = ALIGN (0x8)
                [!provide]                        PROVIDE (end = .)
                0x00000000200003e0                PROVIDE (_end = .)
                0x00000000200005e0                . = (. + _Min_Heap_Size)
 *fill*         0x00000000200003e0      0x200 
                0x00000000200009e0                . = (. + _Min_Stack_Size)
 *fill*         0x00000000200005e0      0x400 
                0x00000000200009e0                . = ALIGN (0x8)

/DISCARD/
 libc.a(*)
 libm.a(*)
 libgcc.a(*)

.ARM.attributes
                0x0000000000000000       0x30
 *(.ARM.attributes)
 .ARM.attributes
                0x0000000000000000       0x1e c:/st/stm32cubeide_1.7.0/stm32cubeide/plugins/com.st.stm32cube.ide.mcu.externaltools.gnu-tools-for-stm32.9-2020-q2-update.win32_2.0.0.202105311346/tools/bin/../lib/gcc/arm-none-eabi/9.3.1/thumb/v7e-m+fp/hard/crti.o
 .ARM.attributes
                0x000000000000001e       0x34 c:/st/stm32cubeide_1.7.0/stm32cubeide/plugins/com.st.stm32cube.ide.mcu.externaltools.gnu-tools-for-stm32.9-2020-q2-update.win32_2.0.0.202105311346/tools/bin/../lib/gcc/arm-none-eabi/9.3.1/thumb/v7e-m+fp/hard/crtbegin.o
 .ARM.attributes
                0x0000000000000052       0x34 ./Core/Src/GPIO.o
 .ARM.attributes
                0x0000000000000086       0x34 ./Core/Src/dma.o
 .ARM.attributes
                0x00000000000000ba       0x34 ./Core/Src/main.o
 .ARM.attributes
                0x00000000000000ee       0x34 ./Core/Src/stm32f4xx_it.o
 .ARM.attributes
                0x0000000000000122       0x34 ./Core/Src/system_stm32f4xx.o
 .ARM.attributes
                0x0000000000000156       0x21 ./Core/Startup/startup_stm32f401ccux.o
 .ARM.attributes
                0x0000000000000177       0x34 ./Drivers/STM32F4xx_HAL_Driver/Src/stm32f4xx_hal.o
 .ARM.attributes
                0x00000000000001ab       0x34 c:/st/stm32cubeide_1.7.0/stm32cubeide/plugins/com.st.stm32cube.ide.mcu.externaltools.gnu-tools-for-stm32.9-2020-q2-update.win32_2.0.0.202105311346/tools/bin/../lib/gcc/arm-none-eabi/9.3.1/../../../../arm-none-eabi/lib/thumb/v7e-m+fp/hard\libc_nano.a(lib_a-init.o)
 .ARM.attributes
                0x00000000000001df       0x1e c:/st/stm32cubeide_1.7.0/stm32cubeide/plugins/com.st.stm32cube.ide.mcu.externaltools.gnu-tools-for-stm32.9-2020-q2-update.win32_2.0.0.202105311346/tools/bin/../lib/gcc/arm-none-eabi/9.3.1/thumb/v7e-m+fp/hard/crtn.o
OUTPUT(DMA_project.elf elf32-littlearm)
LOAD linker stubs
LOAD c:/st/stm32cubeide_1.7.0/stm32cubeide/plugins/com.st.stm32cube.ide.mcu.externaltools.gnu-tools-for-stm32.9-2020-q2-update.win32_2.0.0.202105311346/tools/bin/../lib/gcc/arm-none-eabi/9.3.1/../../../../arm-none-eabi/lib/thumb/v7e-m+fp/hard\libc.a
LOAD c:/st/stm32cubeide_1.7.0/stm32cubeide/plugins/com.st.stm32cube.ide.mcu.externaltools.gnu-tools-for-stm32.9-2020-q2-update.win32_2.0.0.202105311346/tools/bin/../lib/gcc/arm-none-eabi/9.3.1/../../../../arm-none-eabi/lib/thumb/v7e-m+fp/hard\libm.a
LOAD c:/st/stm32cubeide_1.7.0/stm32cubeide/plugins/com.st.stm32cube.ide.mcu.externaltools.gnu-tools-for-stm32.9-2020-q2-update.win32_2.0.0.202105311346/tools/bin/../lib/gcc/arm-none-eabi/9.3.1/thumb/v7e-m+fp/hard\libgcc.a

.debug_info     0x0000000000000000     0x179b
 .debug_info    0x0000000000000000      0x1bd ./Core/Src/GPIO.o
 .debug_info    0x00000000000001bd      0x333 ./Core/Src/dma.o
 .debug_info    0x00000000000004f0      0x15a ./Core/Src/main.o
 .debug_info    0x000000000000064a      0x222 ./Core/Src/stm32f4xx_it.o
 .debug_info    0x000000000000086c      0x5d0 ./Core/Src/system_stm32f4xx.o
 .debug_info    0x0000000000000e3c       0x22 ./Core/Startup/startup_stm32f401ccux.o
 .debug_info    0x0000000000000e5e      0x93d ./Drivers/STM32F4xx_HAL_Driver/Src/stm32f4xx_hal.o

.debug_abbrev   0x0000000000000000      0x755
 .debug_abbrev  0x0000000000000000       0xfc ./Core/Src/GPIO.o
 .debug_abbrev  0x00000000000000fc      0x132 ./Core/Src/dma.o
 .debug_abbrev  0x000000000000022e       0xe0 ./Core/Src/main.o
 .debug_abbrev  0x000000000000030e       0xd2 ./Core/Src/stm32f4xx_it.o
 .debug_abbrev  0x00000000000003e0      0x145 ./Core/Src/system_stm32f4xx.o
 .debug_abbrev  0x0000000000000525       0x12 ./Core/Startup/startup_stm32f401ccux.o
 .debug_abbrev  0x0000000000000537      0x21e ./Drivers/STM32F4xx_HAL_Driver/Src/stm32f4xx_hal.o

.debug_aranges  0x0000000000000000      0x250
 .debug_aranges
                0x0000000000000000       0x40 ./Core/Src/GPIO.o
 .debug_aranges
                0x0000000000000040       0x48 ./Core/Src/dma.o
 .debug_aranges
                0x0000000000000088       0x28 ./Core/Src/main.o
 .debug_aranges
                0x00000000000000b0       0x60 ./Core/Src/stm32f4xx_it.o
 .debug_aranges
                0x0000000000000110       0x28 ./Core/Src/system_stm32f4xx.o
 .debug_aranges
                0x0000000000000138       0x28 ./Core/Startup/startup_stm32f401ccux.o
 .debug_aranges
                0x0000000000000160       0xf0 ./Drivers/STM32F4xx_HAL_Driver/Src/stm32f4xx_hal.o

.debug_ranges   0x0000000000000000      0x1e8
 .debug_ranges  0x0000000000000000       0x30 ./Core/Src/GPIO.o
 .debug_ranges  0x0000000000000030       0x38 ./Core/Src/dma.o
 .debug_ranges  0x0000000000000068       0x18 ./Core/Src/main.o
 .debug_ranges  0x0000000000000080       0x50 ./Core/Src/stm32f4xx_it.o
 .debug_ranges  0x00000000000000d0       0x18 ./Core/Src/system_stm32f4xx.o
 .debug_ranges  0x00000000000000e8       0x20 ./Core/Startup/startup_stm32f401ccux.o
 .debug_ranges  0x0000000000000108       0xe0 ./Drivers/STM32F4xx_HAL_Driver/Src/stm32f4xx_hal.o

.debug_macro    0x0000000000000000     0x18f9
 .debug_macro   0x0000000000000000       0xf2 ./Core/Src/GPIO.o
 .debug_macro   0x00000000000000f2      0xaa8 ./Core/Src/GPIO.o
 .debug_macro   0x0000000000000b9a       0x58 ./Core/Src/GPIO.o
 .debug_macro   0x0000000000000bf2       0x75 ./Core/Src/dma.o
 .debug_macro   0x0000000000000c67       0x22 ./Core/Src/dma.o
 .debug_macro   0x0000000000000c89       0x8e ./Core/Src/dma.o
 .debug_macro   0x0000000000000d17       0x51 ./Core/Src/dma.o
 .debug_macro   0x0000000000000d68      0x103 ./Core/Src/dma.o
 .debug_macro   0x0000000000000e6b       0x6a ./Core/Src/dma.o
 .debug_macro   0x0000000000000ed5      0x1df ./Core/Src/dma.o
 .debug_macro   0x00000000000010b4      0x246 ./Core/Src/dma.o
 .debug_macro   0x00000000000012fa       0x7b ./Core/Src/main.o
 .debug_macro   0x0000000000001375      0x1c4 ./Core/Src/stm32f4xx_it.o
 .debug_macro   0x0000000000001539      0x1b0 ./Core/Src/system_stm32f4xx.o
 .debug_macro   0x00000000000016e9      0x210 ./Drivers/STM32F4xx_HAL_Driver/Src/stm32f4xx_hal.o

.debug_line     0x0000000000000000     0x25a9
 .debug_line    0x0000000000000000      0x1ac ./Core/Src/GPIO.o
 .debug_line    0x00000000000001ac      0x784 ./Core/Src/dma.o
 .debug_line    0x0000000000000930      0x44d ./Core/Src/main.o
 .debug_line    0x0000000000000d7d      0x740 ./Core/Src/stm32f4xx_it.o
 .debug_line    0x00000000000014bd      0x6ff ./Core/Src/system_stm32f4xx.o
 .debug_line    0x0000000000001bbc       0x88 ./Core/Startup/startup_stm32f401ccux.o
 .debug_line    0x0000000000001c44      0x965 ./Drivers/STM32F4xx_HAL_Driver/Src/stm32f4xx_hal.o

.debug_str      0x0000000000000000    0x7e6a5
 .debug_str     0x0000000000000000     0x339c ./Core/Src/GPIO.o
                                       0x33bf (size before relaxing)
 .debug_str     0x000000000000339c     0x14e3 ./Core/Src/dma.o
                                       0x4535 (size before relaxing)
 .debug_str     0x000000000000487f       0x65 ./Core/Src/main.o
                                       0x43ec (size before relaxing)
 .debug_str     0x00000000000048e4    0x7928b ./Core/Src/stm32f4xx_it.o
                                      0x7d050 (size before relaxing)
 .debug_str     0x000000000007db6f      0x1b8 ./Core/Src/system_stm32f4xx.o
                                      0x7d146 (size before relaxing)
 .debug_str     0x000000000007dd27       0x36 ./Core/Startup/startup_stm32f401ccux.o
                                         0x5d (size before relaxing)
 .debug_str     0x000000000007dd5d      0x948 ./Drivers/STM32F4xx_HAL_Driver/Src/stm32f4xx_hal.o
                                      0x7dac6 (size before relaxing)

.comment        0x0000000000000000       0x53
 .comment       0x0000000000000000       0x53 ./Core/Src/GPIO.o
                                         0x54 (size before relaxing)
 .comment       0x0000000000000053       0x54 ./Core/Src/dma.o
 .comment       0x0000000000000053       0x54 ./Core/Src/main.o
 .comment       0x0000000000000053       0x54 ./Core/Src/stm32f4xx_it.o
 .comment       0x0000000000000053       0x54 ./Core/Src/system_stm32f4xx.o
 .comment       0x0000000000000053       0x54 ./Drivers/STM32F4xx_HAL_Driver/Src/stm32f4xx_hal.o

.debug_frame    0x0000000000000000      0x714
 .debug_frame   0x0000000000000000       0xe0 ./Core/Src/GPIO.o
 .debug_frame   0x00000000000000e0       0xe4 ./Core/Src/dma.o
 .debug_frame   0x00000000000001c4       0x54 ./Core/Src/main.o
 .debug_frame   0x0000000000000218      0x104 ./Core/Src/stm32f4xx_it.o
 .debug_frame   0x000000000000031c       0x58 ./Core/Src/system_stm32f4xx.o
 .debug_frame   0x0000000000000374      0x374 ./Drivers/STM32F4xx_HAL_Driver/Src/stm32f4xx_hal.o
 .debug_frame   0x00000000000006e8       0x2c c:/st/stm32cubeide_1.7.0/stm32cubeide/plugins/com.st.stm32cube.ide.mcu.externaltools.gnu-tools-for-stm32.9-2020-q2-update.win32_2.0.0.202105311346/tools/bin/../lib/gcc/arm-none-eabi/9.3.1/../../../../arm-none-eabi/lib/thumb/v7e-m+fp/hard\libc_nano.a(lib_a-init.o)
